// Jest Snapshot v1, https://goo.gl/fbAQLP

exports[`HelloWorld.vue renders correctly 1`] = `"<h1>Hello World</h1><button>count is: 0</button><p> Edit <code>components/HelloWorld.vue</code> to test hot module replacement. </p>"`;
